[www.correos.es/es/es/herramientas/localizador/envios/detalle.html]
[backblue.gif]
[fade.gif]
[index.html]
[www.correos.es/etc/clientlibs/correoslibs/correos-ui-kit1900.css]
[www.correos.es/etc/clientlibs/correoslibs/correos-ui-kit44dd.js]
[www.correos.es/etc/clientlibs/correoslibs/correos-ui-kit.esm8b71.js]
[www.correos.es/etc/clientlibs/comunlibs/arq-ui-kitba6c.css]
[www.correos.es/etc/clientlibs/comunlibs/arq-ui-kit19e5.js]
[www.correos.es/etc/clientlibs/comunlibs/arq-ui-kit.esm8135.js]
[www.correos.es/etc.clientlibs/correos/clientlibs/clientlib-base.min.7d250654d6a4ba422176cd385b93bb36.css]
[www.correos.es/content/dam/correos/imagenes/iconos/CORREOS-favicon.svg]
[www.correos.es/etc.clientlibs/correos/clientlibs/clientlib-react/resources/manifest.json]
[assets.adobedtm.com/31e842d3af0a/e239f3676926/launch-22ce7a1a18b2.min.js]
[www.correos.es/etc.clientlibs/correos/clientlibs/clientlib-react.min.12eb2eb8160464b36e9595f458244266.css]
[www.correos.es/etc.clientlibs/correos/clientlibs/clientlib-provider-correosid.min.ed8e3f9c92c02f27ac1f60e6503eb3e8.js]
[www.correos.es/etc.clientlibs/correos/clientlibs/clientlib-react.min.8cf01310b1a7f57772c0146a9291ab47.js]
[www.correos.es/etc.clientlibs/core/wcm/components/commons/site/clientlibs/container.min.c8339545b501e3db3abc37c9a4cc2d6e.js]
[www.correos.es/es/es/herramientas/localizador/envios/detalle.html]
[www.correos.es/etc.clientlibs/correos/clientlibs/clientlib-base.min.feb344e1e9ce6d28711e600e19366ba4.js]
[www.correos.es/etc/clientlibs/correoslibs/correos-ui-kit1900.css]
[www.correos.es/etc.clientlibs/correos/clientlibs/clientlib-base/resources/assets/fonts/correos-icons.1749724614530.svg]
[www.correos.es/etc/clientlibs/comunlibs/arq-ui-kitba6c.css]
[www.correos.es/etc.clientlibs/correos/clientlibs/clientlib-dependencies.min.d41d8cd98f00b204e9800998ecf8427e.js]
[www.correos.es/etc.clientlibs/correos/clientlibs/clientlib-base.min.7d250654d6a4ba422176cd385b93bb36.css]
[www.correos.es/content/dam/correos/imagenes/iconos/CORREOS-favicon.svg]
[www.correos.es/etc.clientlibs/correos-comun-aem/clientlibs/clientlib-base/resources/assets/fonts/correos-icons.1749724646271.svg]
[www.correos.es/es/es/herramientas/localizador/helpers/getObjectProperty.html]
[assets.adobedtm.com/31e842d3af0a/e239f3676926/launch-22ce7a1a18b2.min.js]
[www.correos.es/etc.clientlibs/correos/clientlibs/clientlib-react.min.12eb2eb8160464b36e9595f458244266.css]
[www.correos.es/etc.clientlibs/correos/clientlibs/clientlib-base/resources/assets/fonts/correos-icons.1749724614530.svg]
[www.correos.es/etc.clientlibs/correos-comun-aem/clientlibs/clientlib-base/resources/assets/fonts/correos-icons.1749724646271.svg]
[www.correos.es/es/es/herramientas/localizador/helpers/getObjectProperty.html]
[www.correos.es/es/es/herramientas/localizador/envios/index.html]
